[2026-08-12 11:19:02.214] ORACLE CONECTADO
[2026-08-12 14:46:54.631] ORACLE CONECTADO
[2026-08-12 14:56:47.100] ORACLE CONECTADO
[2026-08-12 14:56:47.102] [FK9999999] BUSCANDO EVENTOS
[2026-08-12 14:56:47.235] TOTAL CONSUTLADO COM SUCESSO
[2026-08-12 14:56:47.238] [FK9999999] TOTAL EVENTOS 786
[2026-08-12 14:56:47.310] ÚLTIMO SERIAL 0
[2026-08-12 14:56:47.311] 30 NOVOS EVENTOS
[2026-08-12 14:56:47.312] PROCESSANDO SERIAL 818
[2026-08-12 14:56:47.313] EVENTO INVÁLIDO 22
[2026-08-12 14:56:47.315] SERIAL SALVO 818
[2026-08-12 14:56:47.316] PROCESSANDO SERIAL 819
[2026-08-12 14:56:47.317] EVENTO INVÁLIDO 21
[2026-08-12 14:56:47.324] SERIAL SALVO 819
[2026-08-12 14:56:47.325] PROCESSANDO SERIAL 820
[2026-08-12 14:56:47.326] MATRÍCULA: 111111
[2026-08-12 14:56:47.327] CRACHÁ: 1676650234
[2026-08-12 14:56:47.328] DATA: 2026-07-23T16:02:35-03:00
[2026-08-12 14:56:47.329] EVENTO VÁLIDO 222222
[2026-08-12 14:56:47.347] CODRLG 395
[2026-08-12 14:56:47.367] BENEFÍCIO ATUALIZADO 222222
[2026-08-12 14:56:47.374] BENEFÍCIO NÃO ENCONTRADO 333333
[2026-08-12 14:56:47.381] SERIAL SALVO 820
