[2026-08-13 08:03:58.719] ORACLE CONECTADO
[2026-08-13 08:03:58.722] [FK2665724] BUSCANDO EVENTOS
[2026-08-13 08:03:58.909] [FK2665724] TOTAL EVENTOS 792
[2026-08-13 08:03:58.957] [FK2665724] POSICAO 0: 30 EVENTOS
[2026-08-13 08:03:58.999] [FK2665724] POSICAO 30: 30 EVENTOS
[2026-08-13 08:03:59.044] [FK2665724] POSICAO 60: 30 EVENTOS
[2026-08-13 08:03:59.169] [FK2665724] POSICAO 90: 30 EVENTOS
[2026-08-13 08:03:59.221] [FK2665724] POSICAO 120: 30 EVENTOS
[2026-08-13 08:03:59.264] [FK2665724] POSICAO 150: 30 EVENTOS
[2026-08-13 08:03:59.319] [FK2665724] POSICAO 180: 30 EVENTOS
[2026-08-13 08:03:59.372] [FK2665724] POSICAO 210: 30 EVENTOS
[2026-08-13 08:03:59.416] [FK2665724] POSICAO 240: 30 EVENTOS
[2026-08-13 08:03:59.477] [FK2665724] POSICAO 270: 30 EVENTOS
[2026-08-13 08:03:59.512] [FK2665724] POSICAO 300: 30 EVENTOS
[2026-08-13 08:03:59.563] [FK2665724] POSICAO 330: 30 EVENTOS
[2026-08-13 08:03:59.618] [FK2665724] POSICAO 360: 30 EVENTOS
[2026-08-13 08:03:59.678] [FK2665724] POSICAO 390: 30 EVENTOS
[2026-08-13 08:03:59.732] [FK2665724] POSICAO 420: 30 EVENTOS
[2026-08-13 08:03:59.786] [FK2665724] POSICAO 450: 30 EVENTOS
[2026-08-13 08:03:59.817] [FK2665724] POSICAO 480: 30 EVENTOS
[2026-08-13 08:03:59.873] [FK2665724] POSICAO 510: 30 EVENTOS
[2026-08-13 08:03:59.915] [FK2665724] POSICAO 540: 30 EVENTOS
[2026-08-13 08:03:59.964] [FK2665724] POSICAO 570: 30 EVENTOS
[2026-08-13 08:03:59.996] [FK2665724] POSICAO 600: 30 EVENTOS
[2026-08-13 08:04:00.045] [FK2665724] POSICAO 630: 30 EVENTOS
[2026-08-13 08:04:00.107] [FK2665724] POSICAO 660: 30 EVENTOS
[2026-08-13 08:04:00.165] [FK2665724] POSICAO 690: 30 EVENTOS
[2026-08-13 08:04:00.226] [FK2665724] POSICAO 720: 30 EVENTOS
[2026-08-13 08:04:00.263] [FK2665724] POSICAO 750: 30 EVENTOS
[2026-08-13 08:04:00.295] [FK2665724] POSICAO 780: 12 EVENTOS
[2026-08-13 08:04:00.298] ÚLTIMO SERIAL 887
[2026-08-13 08:04:00.299] 0 NOVOS EVENTOS
[2026-08-13 08:04:00.300] NENHUM EVENTO NOVO
[2026-08-13 08:04:00.305] [FK1163546] BUSCANDO EVENTOS
[2026-08-13 08:04:00.455] [FK1163546] TOTAL EVENTOS 497
[2026-08-13 08:04:00.519] [FK1163546] POSICAO 0: 30 EVENTOS
[2026-08-13 08:04:00.550] [FK1163546] POSICAO 30: 30 EVENTOS
[2026-08-13 08:04:00.623] [FK1163546] POSICAO 60: 30 EVENTOS
[2026-08-13 08:04:01.026] [FK1163546] POSICAO 90: 30 EVENTOS
[2026-08-13 08:04:01.073] [FK1163546] POSICAO 120: 30 EVENTOS
[2026-08-13 08:04:01.119] [FK1163546] POSICAO 150: 30 EVENTOS
[2026-08-13 08:04:01.483] [FK1163546] POSICAO 180: 30 EVENTOS
[2026-08-13 08:04:01.526] [FK1163546] POSICAO 210: 30 EVENTOS
[2026-08-13 08:04:01.571] [FK1163546] POSICAO 240: 30 EVENTOS
[2026-08-13 08:04:01.623] [FK1163546] POSICAO 270: 30 EVENTOS
[2026-08-13 08:04:01.669] [FK1163546] POSICAO 300: 30 EVENTOS
[2026-08-13 08:04:01.740] [FK1163546] POSICAO 330: 30 EVENTOS
[2026-08-13 08:04:01.781] [FK1163546] POSICAO 360: 30 EVENTOS
[2026-08-13 08:04:01.830] [FK1163546] POSICAO 390: 30 EVENTOS
[2026-08-13 08:04:01.884] [FK1163546] POSICAO 420: 30 EVENTOS
[2026-08-13 08:04:01.941] [FK1163546] POSICAO 450: 30 EVENTOS
[2026-08-13 08:04:01.969] [FK1163546] POSICAO 480: 17 EVENTOS
[2026-08-13 08:04:01.972] ÚLTIMO SERIAL 583
[2026-08-13 08:04:01.973] 0 NOVOS EVENTOS
[2026-08-13 08:04:01.974] NENHUM EVENTO NOVO
[2026-08-13 08:05:11.275] ORACLE CONECTADO
[2026-08-13 08:05:11.278] [FK2665724] BUSCANDO EVENTOS
[2026-08-13 08:05:11.313] [FK2665724] TOTAL EVENTOS 792
[2026-08-13 08:05:11.349] [FK2665724] POSICAO 0: 30 EVENTOS
[2026-08-13 08:05:11.397] [FK2665724] POSICAO 30: 30 EVENTOS
[2026-08-13 08:05:11.463] [FK2665724] POSICAO 60: 30 EVENTOS
[2026-08-13 08:05:11.559] [FK2665724] POSICAO 90: 30 EVENTOS
[2026-08-13 08:05:11.590] [FK2665724] POSICAO 120: 30 EVENTOS
[2026-08-13 08:05:11.637] [FK2665724] POSICAO 150: 30 EVENTOS
[2026-08-13 08:05:11.718] [FK2665724] POSICAO 180: 30 EVENTOS
[2026-08-13 08:05:11.763] [FK2665724] POSICAO 210: 30 EVENTOS
[2026-08-13 08:05:11.817] [FK2665724] POSICAO 240: 30 EVENTOS
[2026-08-13 08:05:11.872] [FK2665724] POSICAO 270: 30 EVENTOS
[2026-08-13 08:05:11.949] [FK2665724] POSICAO 300: 30 EVENTOS
[2026-08-13 08:05:11.999] [FK2665724] POSICAO 330: 30 EVENTOS
[2026-08-13 08:05:12.067] [FK2665724] POSICAO 360: 30 EVENTOS
[2026-08-13 08:05:12.133] [FK2665724] POSICAO 390: 30 EVENTOS
[2026-08-13 08:05:12.168] [FK2665724] POSICAO 420: 30 EVENTOS
[2026-08-13 08:05:12.235] [FK2665724] POSICAO 450: 30 EVENTOS
[2026-08-13 08:05:12.317] [FK2665724] POSICAO 480: 30 EVENTOS
[2026-08-13 08:05:12.390] [FK2665724] POSICAO 510: 30 EVENTOS
[2026-08-13 08:05:12.469] [FK2665724] POSICAO 540: 30 EVENTOS
[2026-08-13 08:05:12.603] [FK2665724] POSICAO 570: 30 EVENTOS
[2026-08-13 08:05:12.695] [FK2665724] POSICAO 600: 30 EVENTOS
[2026-08-13 08:05:12.728] [FK2665724] POSICAO 630: 30 EVENTOS
[2026-08-13 08:05:12.812] [FK2665724] POSICAO 660: 30 EVENTOS
[2026-08-13 08:05:12.896] [FK2665724] POSICAO 690: 30 EVENTOS
[2026-08-13 08:05:12.971] [FK2665724] POSICAO 720: 30 EVENTOS
[2026-08-13 08:05:13.044] [FK2665724] POSICAO 750: 30 EVENTOS
[2026-08-13 08:05:13.117] [FK2665724] POSICAO 780: 12 EVENTOS
[2026-08-13 08:05:13.120] ÚLTIMO SERIAL 887
[2026-08-13 08:05:13.122] 0 NOVOS EVENTOS
[2026-08-13 08:05:13.123] NENHUM EVENTO NOVO
[2026-08-13 08:05:13.127] [FK1163546] BUSCANDO EVENTOS
[2026-08-13 08:05:13.157] [FK1163546] TOTAL EVENTOS 497
[2026-08-13 08:05:13.196] [FK1163546] POSICAO 0: 30 EVENTOS
[2026-08-13 08:05:13.240] [FK1163546] POSICAO 30: 30 EVENTOS
[2026-08-13 08:05:13.284] [FK1163546] POSICAO 60: 30 EVENTOS
[2026-08-13 08:05:13.652] [FK1163546] POSICAO 90: 30 EVENTOS
[2026-08-13 08:05:13.724] [FK1163546] POSICAO 120: 30 EVENTOS
[2026-08-13 08:05:13.796] [FK1163546] POSICAO 150: 30 EVENTOS
[2026-08-13 08:05:13.830] [FK1163546] POSICAO 180: 30 EVENTOS
[2026-08-13 08:05:13.937] [FK1163546] POSICAO 210: 30 EVENTOS
[2026-08-13 08:05:14.004] [FK1163546] POSICAO 240: 30 EVENTOS
[2026-08-13 08:05:14.101] [FK1163546] POSICAO 270: 30 EVENTOS
[2026-08-13 08:05:14.211] [FK1163546] POSICAO 300: 30 EVENTOS
[2026-08-13 08:05:14.307] [FK1163546] POSICAO 330: 30 EVENTOS
[2026-08-13 08:05:14.364] [FK1163546] POSICAO 360: 30 EVENTOS
[2026-08-13 08:05:14.452] [FK1163546] POSICAO 390: 30 EVENTOS
[2026-08-13 08:05:14.520] [FK1163546] POSICAO 420: 30 EVENTOS
[2026-08-13 08:05:14.583] [FK1163546] POSICAO 450: 30 EVENTOS
[2026-08-13 08:05:14.616] [FK1163546] POSICAO 480: 17 EVENTOS
[2026-08-13 08:05:14.619] ÚLTIMO SERIAL 583
[2026-08-13 08:05:14.620] 0 NOVOS EVENTOS
[2026-08-13 08:05:14.621] NENHUM EVENTO NOVO
[2026-08-13 08:31:20.773] ORACLE CONECTADO
[2026-08-13 08:31:20.777] [FK2665724] BUSCANDO EVENTOS
[2026-08-13 08:31:20.820] [FK2665724] TOTAL EVENTOS 792
[2026-08-13 08:31:20.894] [FK2665724] POSICAO 0: 30 EVENTOS
[2026-08-13 08:31:20.923] [FK2665724] POSICAO 30: 30 EVENTOS
[2026-08-13 08:31:20.966] [FK2665724] POSICAO 60: 30 EVENTOS
[2026-08-13 08:31:21.033] [FK2665724] POSICAO 90: 30 EVENTOS
[2026-08-13 08:31:21.081] [FK2665724] POSICAO 120: 30 EVENTOS
[2026-08-13 08:31:21.496] [FK2665724] POSICAO 150: 30 EVENTOS
[2026-08-13 08:31:21.567] [FK2665724] POSICAO 180: 30 EVENTOS
[2026-08-13 08:31:21.627] [FK2665724] POSICAO 210: 30 EVENTOS
[2026-08-13 08:31:21.706] [FK2665724] POSICAO 240: 30 EVENTOS
[2026-08-13 08:31:21.757] [FK2665724] POSICAO 270: 30 EVENTOS
[2026-08-13 08:31:21.816] [FK2665724] POSICAO 300: 30 EVENTOS
[2026-08-13 08:31:21.890] [FK2665724] POSICAO 330: 30 EVENTOS
[2026-08-13 08:31:21.964] [FK2665724] POSICAO 360: 30 EVENTOS
[2026-08-13 08:31:22.057] [FK2665724] POSICAO 390: 30 EVENTOS
[2026-08-13 08:31:22.151] [FK2665724] POSICAO 420: 30 EVENTOS
[2026-08-13 08:31:22.190] [FK2665724] POSICAO 450: 30 EVENTOS
[2026-08-13 08:31:22.276] [FK2665724] POSICAO 480: 30 EVENTOS
[2026-08-13 08:31:22.331] [FK2665724] POSICAO 510: 30 EVENTOS
[2026-08-13 08:31:22.400] [FK2665724] POSICAO 540: 30 EVENTOS
[2026-08-13 08:31:22.466] [FK2665724] POSICAO 570: 30 EVENTOS
[2026-08-13 08:31:22.543] [FK2665724] POSICAO 600: 30 EVENTOS
[2026-08-13 08:31:22.604] [FK2665724] POSICAO 630: 30 EVENTOS
[2026-08-13 08:31:22.763] [FK2665724] POSICAO 660: 30 EVENTOS
[2026-08-13 08:31:23.488] [FK2665724] POSICAO 690: 30 EVENTOS
[2026-08-13 08:31:23.604] [FK2665724] POSICAO 720: 30 EVENTOS
[2026-08-13 08:31:23.658] [FK2665724] POSICAO 750: 30 EVENTOS
[2026-08-13 08:31:23.696] [FK2665724] POSICAO 780: 12 EVENTOS
[2026-08-13 08:31:23.949] ÚLTIMO SERIAL 887
[2026-08-13 08:31:23.951] 0 NOVOS EVENTOS
[2026-08-13 08:31:23.956] NENHUM EVENTO NOVO
[2026-08-13 08:31:23.961] [FK1163546] BUSCANDO EVENTOS
[2026-08-13 08:31:24.257] [FK1163546] TOTAL EVENTOS 497
[2026-08-13 08:31:24.292] [FK1163546] POSICAO 0: 30 EVENTOS
[2026-08-13 08:31:24.321] [FK1163546] POSICAO 30: 30 EVENTOS
[2026-08-13 08:31:24.381] [FK1163546] POSICAO 60: 30 EVENTOS
[2026-08-13 08:31:24.451] [FK1163546] POSICAO 90: 30 EVENTOS
[2026-08-13 08:31:24.482] [FK1163546] POSICAO 120: 30 EVENTOS
[2026-08-13 08:31:24.526] [FK1163546] POSICAO 150: 30 EVENTOS
[2026-08-13 08:31:24.586] [FK1163546] POSICAO 180: 30 EVENTOS
[2026-08-13 08:31:24.664] [FK1163546] POSICAO 210: 30 EVENTOS
[2026-08-13 08:31:24.692] [FK1163546] POSICAO 240: 30 EVENTOS
[2026-08-13 08:31:24.738] [FK1163546] POSICAO 270: 30 EVENTOS
[2026-08-13 08:31:24.775] [FK1163546] POSICAO 300: 30 EVENTOS
[2026-08-13 08:31:25.173] [FK1163546] POSICAO 330: 30 EVENTOS
[2026-08-13 08:31:25.251] [FK1163546] POSICAO 360: 30 EVENTOS
[2026-08-13 08:31:25.287] [FK1163546] POSICAO 390: 30 EVENTOS
[2026-08-13 08:31:25.326] [FK1163546] POSICAO 420: 30 EVENTOS
[2026-08-13 08:31:25.374] [FK1163546] POSICAO 450: 30 EVENTOS
[2026-08-13 08:31:25.408] [FK1163546] POSICAO 480: 17 EVENTOS
[2026-08-13 08:31:25.411] ÚLTIMO SERIAL 583
[2026-08-13 08:31:25.413] 0 NOVOS EVENTOS
[2026-08-13 08:31:25.416] NENHUM EVENTO NOVO
[2026-08-13 08:31:33.408] ORACLE CONECTADO
[2026-08-13 08:31:33.411] [FK2665724] BUSCANDO EVENTOS
[2026-08-13 08:31:33.480] [FK2665724] TOTAL EVENTOS 792
[2026-08-13 08:31:33.524] [FK2665724] POSICAO 0: 30 EVENTOS
[2026-08-13 08:31:33.594] [FK2665724] POSICAO 30: 30 EVENTOS
[2026-08-13 08:31:33.685] [FK2665724] POSICAO 60: 30 EVENTOS
[2026-08-13 08:31:33.786] [FK2665724] POSICAO 90: 30 EVENTOS
[2026-08-13 08:31:33.853] [FK2665724] POSICAO 120: 30 EVENTOS
[2026-08-13 08:31:33.911] [FK2665724] POSICAO 150: 30 EVENTOS
[2026-08-13 08:31:33.975] [FK2665724] POSICAO 180: 30 EVENTOS
[2026-08-13 08:31:34.038] [FK2665724] POSICAO 210: 30 EVENTOS
[2026-08-13 08:31:34.110] [FK2665724] POSICAO 240: 30 EVENTOS
[2026-08-13 08:31:34.180] [FK2665724] POSICAO 270: 30 EVENTOS
[2026-08-13 08:31:34.246] [FK2665724] POSICAO 300: 30 EVENTOS
[2026-08-13 08:31:34.353] [FK2665724] POSICAO 330: 30 EVENTOS
[2026-08-13 08:31:34.426] [FK2665724] POSICAO 360: 30 EVENTOS
[2026-08-13 08:31:34.501] [FK2665724] POSICAO 390: 30 EVENTOS
[2026-08-13 08:31:34.686] [FK2665724] POSICAO 420: 30 EVENTOS
[2026-08-13 08:31:34.776] [FK2665724] POSICAO 450: 30 EVENTOS
[2026-08-13 08:31:34.870] [FK2665724] POSICAO 480: 30 EVENTOS
[2026-08-13 08:31:34.930] [FK2665724] POSICAO 510: 30 EVENTOS
[2026-08-13 08:31:34.986] [FK2665724] POSICAO 540: 30 EVENTOS
[2026-08-13 08:31:35.035] [FK2665724] POSICAO 570: 30 EVENTOS
[2026-08-13 08:31:35.114] [FK2665724] POSICAO 600: 30 EVENTOS
[2026-08-13 08:31:35.194] [FK2665724] POSICAO 630: 30 EVENTOS
[2026-08-13 08:31:35.278] [FK2665724] POSICAO 660: 30 EVENTOS
[2026-08-13 08:31:35.393] [FK2665724] POSICAO 690: 30 EVENTOS
[2026-08-13 08:31:35.461] [FK2665724] POSICAO 720: 30 EVENTOS
[2026-08-13 08:31:35.519] [FK2665724] POSICAO 750: 30 EVENTOS
[2026-08-13 08:31:35.533] [FK2665724] POSICAO 780: 12 EVENTOS
[2026-08-13 08:31:35.535] ÚLTIMO SERIAL 887
[2026-08-13 08:31:35.536] 0 NOVOS EVENTOS
[2026-08-13 08:31:35.537] NENHUM EVENTO NOVO
[2026-08-13 08:31:35.540] [FK1163546] BUSCANDO EVENTOS
[2026-08-13 08:31:35.632] [FK1163546] TOTAL EVENTOS 497
[2026-08-13 08:31:35.675] [FK1163546] POSICAO 0: 30 EVENTOS
[2026-08-13 08:31:35.721] [FK1163546] POSICAO 30: 30 EVENTOS
[2026-08-13 08:31:35.762] [FK1163546] POSICAO 60: 30 EVENTOS
[2026-08-13 08:31:35.842] [FK1163546] POSICAO 90: 30 EVENTOS
[2026-08-13 08:31:35.961] [FK1163546] POSICAO 120: 30 EVENTOS
[2026-08-13 08:31:36.027] [FK1163546] POSICAO 150: 30 EVENTOS
[2026-08-13 08:31:36.108] [FK1163546] POSICAO 180: 30 EVENTOS
[2026-08-13 08:31:36.178] [FK1163546] POSICAO 210: 30 EVENTOS
[2026-08-13 08:31:36.256] [FK1163546] POSICAO 240: 30 EVENTOS
[2026-08-13 08:31:36.316] [FK1163546] POSICAO 270: 30 EVENTOS
[2026-08-13 08:31:36.370] [FK1163546] POSICAO 300: 30 EVENTOS
[2026-08-13 08:31:36.437] [FK1163546] POSICAO 330: 30 EVENTOS
[2026-08-13 08:31:36.489] [FK1163546] POSICAO 360: 30 EVENTOS
[2026-08-13 08:31:36.625] [FK1163546] POSICAO 390: 30 EVENTOS
[2026-08-13 08:31:36.690] [FK1163546] POSICAO 420: 30 EVENTOS
[2026-08-13 08:31:36.771] [FK1163546] POSICAO 450: 30 EVENTOS
[2026-08-13 08:31:36.804] [FK1163546] POSICAO 480: 17 EVENTOS
[2026-08-13 08:31:36.808] ÚLTIMO SERIAL 583
[2026-08-13 08:31:36.809] 0 NOVOS EVENTOS
[2026-08-13 08:31:36.810] NENHUM EVENTO NOVO
[2026-08-13 09:37:08.011] ORACLE CONECTADO
[2026-08-13 09:37:08.014] [FK2665724] BUSCANDO EVENTOS
[2026-08-13 09:37:08.053] [FK2665724] TOTAL EVENTOS 792
[2026-08-13 09:37:08.103] [FK2665724] POSICAO 0: 30 EVENTOS
[2026-08-13 09:37:08.143] [FK2665724] POSICAO 30: 30 EVENTOS
[2026-08-13 09:37:08.200] [FK2665724] POSICAO 60: 30 EVENTOS
[2026-08-13 09:37:08.254] [FK2665724] POSICAO 90: 30 EVENTOS
[2026-08-13 09:37:08.287] [FK2665724] POSICAO 120: 30 EVENTOS
[2026-08-13 09:37:08.336] [FK2665724] POSICAO 150: 30 EVENTOS
[2026-08-13 09:37:08.390] [FK2665724] POSICAO 180: 30 EVENTOS
[2026-08-13 09:37:08.790] [FK2665724] POSICAO 210: 30 EVENTOS
[2026-08-13 09:37:08.816] [FK2665724] POSICAO 240: 30 EVENTOS
[2026-08-13 09:37:08.877] [FK2665724] POSICAO 270: 30 EVENTOS
[2026-08-13 09:37:09.264] [FK2665724] POSICAO 300: 30 EVENTOS
[2026-08-13 09:37:09.300] [FK2665724] POSICAO 330: 30 EVENTOS
[2026-08-13 09:37:09.343] [FK2665724] POSICAO 360: 30 EVENTOS
[2026-08-13 09:37:09.421] [FK2665724] POSICAO 390: 30 EVENTOS
[2026-08-13 09:37:09.468] [FK2665724] POSICAO 420: 30 EVENTOS
[2026-08-13 09:37:09.536] [FK2665724] POSICAO 450: 30 EVENTOS
[2026-08-13 09:37:09.594] [FK2665724] POSICAO 480: 30 EVENTOS
[2026-08-13 09:37:09.639] [FK2665724] POSICAO 510: 30 EVENTOS
[2026-08-13 09:37:09.741] [FK2665724] POSICAO 540: 30 EVENTOS
[2026-08-13 09:37:09.795] [FK2665724] POSICAO 570: 30 EVENTOS
[2026-08-13 09:37:09.864] [FK2665724] POSICAO 600: 30 EVENTOS
[2026-08-13 09:37:09.928] [FK2665724] POSICAO 630: 30 EVENTOS
[2026-08-13 09:37:09.970] [FK2665724] POSICAO 660: 30 EVENTOS
[2026-08-13 09:37:10.053] [FK2665724] POSICAO 690: 30 EVENTOS
[2026-08-13 09:37:10.107] [FK2665724] POSICAO 720: 30 EVENTOS
[2026-08-13 09:37:10.174] [FK2665724] POSICAO 750: 30 EVENTOS
[2026-08-13 09:37:10.190] [FK2665724] POSICAO 780: 12 EVENTOS
[2026-08-13 09:37:10.192] ÚLTIMO SERIAL 887
[2026-08-13 09:37:10.193] 0 NOVOS EVENTOS
[2026-08-13 09:37:10.194] NENHUM EVENTO NOVO
[2026-08-13 09:37:10.196] [FK1163546] BUSCANDO EVENTOS
[2026-08-13 09:37:10.239] [FK1163546] TOTAL EVENTOS 497
[2026-08-13 09:37:10.292] [FK1163546] POSICAO 0: 30 EVENTOS
[2026-08-13 09:37:10.358] [FK1163546] POSICAO 30: 30 EVENTOS
[2026-08-13 09:37:10.416] [FK1163546] POSICAO 60: 30 EVENTOS
[2026-08-13 09:37:10.475] [FK1163546] POSICAO 90: 30 EVENTOS
[2026-08-13 09:37:10.525] [FK1163546] POSICAO 120: 30 EVENTOS
[2026-08-13 09:37:10.581] [FK1163546] POSICAO 150: 30 EVENTOS
[2026-08-13 09:37:10.638] [FK1163546] POSICAO 180: 30 EVENTOS
[2026-08-13 09:37:10.711] [FK1163546] POSICAO 210: 30 EVENTOS
[2026-08-13 09:37:10.762] [FK1163546] POSICAO 240: 30 EVENTOS
[2026-08-13 09:37:10.812] [FK1163546] POSICAO 270: 30 EVENTOS
[2026-08-13 09:37:10.875] [FK1163546] POSICAO 300: 30 EVENTOS
[2026-08-13 09:37:10.951] [FK1163546] POSICAO 330: 30 EVENTOS
[2026-08-13 09:37:10.990] [FK1163546] POSICAO 360: 30 EVENTOS
[2026-08-13 09:37:11.040] [FK1163546] POSICAO 390: 30 EVENTOS
[2026-08-13 09:37:11.111] [FK1163546] POSICAO 420: 30 EVENTOS
[2026-08-13 09:37:11.201] [FK1163546] POSICAO 450: 30 EVENTOS
[2026-08-13 09:37:11.270] [FK1163546] POSICAO 480: 17 EVENTOS
[2026-08-13 09:37:11.273] ÚLTIMO SERIAL 583
[2026-08-13 09:37:11.275] 0 NOVOS EVENTOS
[2026-08-13 09:37:11.276] NENHUM EVENTO NOVO
[2026-08-13 11:06:32.799] ORACLE CONECTADO
[2026-08-13 11:06:32.801] [FK2665724] BUSCANDO EVENTOS
[2026-08-13 11:06:32.889] [FK2665724] TOTAL EVENTOS 792
[2026-08-13 11:06:32.948] [FK2665724] POSICAO 0: 30 EVENTOS
[2026-08-13 11:06:32.998] [FK2665724] POSICAO 30: 30 EVENTOS
[2026-08-13 11:06:33.066] [FK2665724] POSICAO 60: 30 EVENTOS
[2026-08-13 11:06:33.138] [FK2665724] POSICAO 90: 30 EVENTOS
[2026-08-13 11:06:33.200] [FK2665724] POSICAO 120: 30 EVENTOS
[2026-08-13 11:06:33.260] [FK2665724] POSICAO 150: 30 EVENTOS
[2026-08-13 11:06:33.328] [FK2665724] POSICAO 180: 30 EVENTOS
[2026-08-13 11:06:33.430] [FK2665724] POSICAO 210: 30 EVENTOS
[2026-08-13 11:06:33.492] [FK2665724] POSICAO 240: 30 EVENTOS
[2026-08-13 11:06:33.580] [FK2665724] POSICAO 270: 30 EVENTOS
[2026-08-13 11:06:33.672] [FK2665724] POSICAO 300: 30 EVENTOS
[2026-08-13 11:06:33.730] [FK2665724] POSICAO 330: 30 EVENTOS
[2026-08-13 11:06:33.793] [FK2665724] POSICAO 360: 30 EVENTOS
[2026-08-13 11:06:33.888] [FK2665724] POSICAO 390: 30 EVENTOS
[2026-08-13 11:06:34.051] [FK2665724] POSICAO 420: 30 EVENTOS
[2026-08-13 11:06:34.152] [FK2665724] POSICAO 450: 30 EVENTOS
[2026-08-13 11:06:34.248] [FK2665724] POSICAO 480: 30 EVENTOS
[2026-08-13 11:06:34.311] [FK2665724] POSICAO 510: 30 EVENTOS
[2026-08-13 11:06:34.379] [FK2665724] POSICAO 540: 30 EVENTOS
[2026-08-13 11:06:34.438] [FK2665724] POSICAO 570: 30 EVENTOS
[2026-08-13 11:06:34.508] [FK2665724] POSICAO 600: 30 EVENTOS
[2026-08-13 11:06:34.563] [FK2665724] POSICAO 630: 30 EVENTOS
[2026-08-13 11:06:34.640] [FK2665724] POSICAO 660: 30 EVENTOS
[2026-08-13 11:06:34.722] [FK2665724] POSICAO 690: 30 EVENTOS
[2026-08-13 11:06:34.800] [FK2665724] POSICAO 720: 30 EVENTOS
[2026-08-13 11:06:34.856] [FK2665724] POSICAO 750: 30 EVENTOS
[2026-08-13 11:06:34.878] [FK2665724] POSICAO 780: 12 EVENTOS
[2026-08-13 11:06:34.897] ÚLTIMO SERIAL 887
[2026-08-13 11:06:34.899] 0 NOVOS EVENTOS
[2026-08-13 11:06:34.899] NENHUM EVENTO NOVO
[2026-08-13 11:06:34.932] [FK1163546] BUSCANDO EVENTOS
[2026-08-13 11:06:34.973] [FK1163546] TOTAL EVENTOS 497
[2026-08-13 11:06:35.062] [FK1163546] POSICAO 0: 30 EVENTOS
[2026-08-13 11:06:35.149] [FK1163546] POSICAO 30: 30 EVENTOS
[2026-08-13 11:06:35.233] [FK1163546] POSICAO 60: 30 EVENTOS
[2026-08-13 11:06:35.291] [FK1163546] POSICAO 90: 30 EVENTOS
[2026-08-13 11:06:35.373] [FK1163546] POSICAO 120: 30 EVENTOS
[2026-08-13 11:06:35.432] [FK1163546] POSICAO 150: 30 EVENTOS
[2026-08-13 11:06:35.532] [FK1163546] POSICAO 180: 30 EVENTOS
[2026-08-13 11:06:35.577] [FK1163546] POSICAO 210: 30 EVENTOS
[2026-08-13 11:06:35.638] [FK1163546] POSICAO 240: 30 EVENTOS
[2026-08-13 11:06:35.702] [FK1163546] POSICAO 270: 30 EVENTOS
[2026-08-13 11:06:36.107] [FK1163546] POSICAO 300: 30 EVENTOS
[2026-08-13 11:06:36.221] [FK1163546] POSICAO 330: 30 EVENTOS
[2026-08-13 11:06:36.305] [FK1163546] POSICAO 360: 30 EVENTOS
[2026-08-13 11:06:36.411] [FK1163546] POSICAO 390: 30 EVENTOS
[2026-08-13 11:06:36.492] [FK1163546] POSICAO 420: 30 EVENTOS
[2026-08-13 11:06:36.644] [FK1163546] POSICAO 450: 30 EVENTOS
[2026-08-13 11:06:36.718] [FK1163546] POSICAO 480: 17 EVENTOS
[2026-08-13 11:06:36.721] ÚLTIMO SERIAL 583
[2026-08-13 11:06:36.723] 0 NOVOS EVENTOS
[2026-08-13 11:06:36.724] NENHUM EVENTO NOVO
[2026-08-13 11:08:06.630] ORACLE CONECTADO
[2026-08-13 11:08:06.633] [FK2665724] BUSCANDO EVENTOS
[2026-08-13 11:08:06.790] [FK2665724] TOTAL EVENTOS 792
[2026-08-13 11:08:06.878] [FK2665724] POSICAO 0: 30 EVENTOS
[2026-08-13 11:08:06.939] [FK2665724] POSICAO 30: 30 EVENTOS
[2026-08-13 11:08:06.982] [FK2665724] POSICAO 60: 30 EVENTOS
[2026-08-13 11:08:07.055] [FK2665724] POSICAO 90: 30 EVENTOS
[2026-08-13 11:08:07.146] [FK2665724] POSICAO 120: 30 EVENTOS
[2026-08-13 11:08:07.199] [FK2665724] POSICAO 150: 30 EVENTOS
[2026-08-13 11:08:07.263] [FK2665724] POSICAO 180: 30 EVENTOS
[2026-08-13 11:08:07.306] [FK2665724] POSICAO 210: 30 EVENTOS
[2026-08-13 11:08:07.365] [FK2665724] POSICAO 240: 30 EVENTOS
[2026-08-13 11:08:07.450] [FK2665724] POSICAO 270: 30 EVENTOS
[2026-08-13 11:08:07.528] [FK2665724] POSICAO 300: 30 EVENTOS
[2026-08-13 11:08:07.600] [FK2665724] POSICAO 330: 30 EVENTOS
[2026-08-13 11:08:07.685] [FK2665724] POSICAO 360: 30 EVENTOS
[2026-08-13 11:08:07.740] [FK2665724] POSICAO 390: 30 EVENTOS
[2026-08-13 11:08:07.796] [FK2665724] POSICAO 420: 30 EVENTOS
[2026-08-13 11:08:07.840] [FK2665724] POSICAO 450: 30 EVENTOS
[2026-08-13 11:08:07.873] [FK2665724] POSICAO 480: 30 EVENTOS
[2026-08-13 11:08:07.946] [FK2665724] POSICAO 510: 30 EVENTOS
[2026-08-13 11:08:07.980] [FK2665724] POSICAO 540: 30 EVENTOS
[2026-08-13 11:08:08.041] [FK2665724] POSICAO 570: 30 EVENTOS
[2026-08-13 11:08:08.098] [FK2665724] POSICAO 600: 30 EVENTOS
[2026-08-13 11:08:08.131] [FK2665724] POSICAO 630: 30 EVENTOS
[2026-08-13 11:08:08.195] [FK2665724] POSICAO 660: 30 EVENTOS
[2026-08-13 11:08:08.240] [FK2665724] POSICAO 690: 30 EVENTOS
[2026-08-13 11:08:08.324] [FK2665724] POSICAO 720: 30 EVENTOS
[2026-08-13 11:08:08.442] [FK2665724] POSICAO 750: 30 EVENTOS
[2026-08-13 11:08:08.516] [FK2665724] POSICAO 780: 12 EVENTOS
[2026-08-13 11:08:08.519] ÚLTIMO SERIAL 887
[2026-08-13 11:08:08.520] 0 NOVOS EVENTOS
[2026-08-13 11:08:08.522] NENHUM EVENTO NOVO
[2026-08-13 11:08:08.525] [FK1163546] BUSCANDO EVENTOS
[2026-08-13 11:08:08.564] [FK1163546] TOTAL EVENTOS 497
[2026-08-13 11:08:08.648] [FK1163546] POSICAO 0: 30 EVENTOS
[2026-08-13 11:08:08.706] [FK1163546] POSICAO 30: 30 EVENTOS
[2026-08-13 11:08:09.148] [FK1163546] POSICAO 60: 30 EVENTOS
[2026-08-13 11:08:09.210] [FK1163546] POSICAO 90: 30 EVENTOS
[2026-08-13 11:08:09.259] [FK1163546] POSICAO 120: 30 EVENTOS
[2026-08-13 11:08:09.304] [FK1163546] POSICAO 150: 30 EVENTOS
[2026-08-13 11:08:09.363] [FK1163546] POSICAO 180: 30 EVENTOS
[2026-08-13 11:08:09.401] [FK1163546] POSICAO 210: 30 EVENTOS
[2026-08-13 11:08:09.502] [FK1163546] POSICAO 240: 30 EVENTOS
[2026-08-13 11:08:09.570] [FK1163546] POSICAO 270: 30 EVENTOS
[2026-08-13 11:08:09.635] [FK1163546] POSICAO 300: 30 EVENTOS
[2026-08-13 11:08:09.715] [FK1163546] POSICAO 330: 30 EVENTOS
[2026-08-13 11:08:09.750] [FK1163546] POSICAO 360: 30 EVENTOS
[2026-08-13 11:08:09.812] [FK1163546] POSICAO 390: 30 EVENTOS
[2026-08-13 11:08:09.946] [FK1163546] POSICAO 420: 30 EVENTOS
[2026-08-13 11:08:10.010] [FK1163546] POSICAO 450: 30 EVENTOS
[2026-08-13 11:08:10.055] [FK1163546] POSICAO 480: 17 EVENTOS
[2026-08-13 11:08:10.059] ÚLTIMO SERIAL 583
[2026-08-13 11:08:10.061] 0 NOVOS EVENTOS
[2026-08-13 11:08:10.062] NENHUM EVENTO NOVO
[2026-08-13 11:09:34.139] ORACLE CONECTADO
[2026-08-13 11:09:34.142] [FK2665724] BUSCANDO EVENTOS
[2026-08-13 11:09:34.421] [FK2665724] TOTAL EVENTOS 792
[2026-08-13 11:09:34.465] [FK2665724] POSICAO 0: 30 EVENTOS
[2026-08-13 11:09:34.511] [FK2665724] POSICAO 30: 30 EVENTOS
[2026-08-13 11:09:34.541] [FK2665724] POSICAO 60: 30 EVENTOS
[2026-08-13 11:09:34.588] [FK2665724] POSICAO 90: 30 EVENTOS
[2026-08-13 11:09:34.639] [FK2665724] POSICAO 120: 30 EVENTOS
[2026-08-13 11:09:34.672] [FK2665724] POSICAO 150: 30 EVENTOS
[2026-08-13 11:09:34.757] [FK2665724] POSICAO 180: 30 EVENTOS
[2026-08-13 11:09:34.805] [FK2665724] POSICAO 210: 30 EVENTOS
[2026-08-13 11:09:34.835] [FK2665724] POSICAO 240: 30 EVENTOS
[2026-08-13 11:09:34.880] [FK2665724] POSICAO 270: 30 EVENTOS
[2026-08-13 11:09:34.921] [FK2665724] POSICAO 300: 30 EVENTOS
[2026-08-13 11:09:34.975] [FK2665724] POSICAO 330: 30 EVENTOS
[2026-08-13 11:09:35.015] [FK2665724] POSICAO 360: 30 EVENTOS
[2026-08-13 11:09:35.053] [FK2665724] POSICAO 390: 30 EVENTOS
[2026-08-13 11:09:35.115] [FK2665724] POSICAO 420: 30 EVENTOS
[2026-08-13 11:09:35.157] [FK2665724] POSICAO 450: 30 EVENTOS
[2026-08-13 11:09:35.223] [FK2665724] POSICAO 480: 30 EVENTOS
[2026-08-13 11:09:35.263] [FK2665724] POSICAO 510: 30 EVENTOS
[2026-08-13 11:09:35.309] [FK2665724] POSICAO 540: 30 EVENTOS
[2026-08-13 11:09:35.354] [FK2665724] POSICAO 570: 30 EVENTOS
[2026-08-13 11:09:35.415] [FK2665724] POSICAO 600: 30 EVENTOS
[2026-08-13 11:09:35.490] [FK2665724] POSICAO 630: 30 EVENTOS
[2026-08-13 11:09:35.542] [FK2665724] POSICAO 660: 30 EVENTOS
[2026-08-13 11:09:35.603] [FK2665724] POSICAO 690: 30 EVENTOS
[2026-08-13 11:09:35.642] [FK2665724] POSICAO 720: 30 EVENTOS
[2026-08-13 11:09:35.692] [FK2665724] POSICAO 750: 30 EVENTOS
[2026-08-13 11:09:35.747] [FK2665724] POSICAO 780: 12 EVENTOS
[2026-08-13 11:09:35.749] ÚLTIMO SERIAL 887
[2026-08-13 11:09:35.750] 0 NOVOS EVENTOS
[2026-08-13 11:09:35.751] NENHUM EVENTO NOVO
[2026-08-13 11:09:35.753] [FK1163546] BUSCANDO EVENTOS
[2026-08-13 11:09:35.789] [FK1163546] TOTAL EVENTOS 497
[2026-08-13 11:09:35.862] [FK1163546] POSICAO 0: 30 EVENTOS
[2026-08-13 11:09:35.915] [FK1163546] POSICAO 30: 30 EVENTOS
[2026-08-13 11:09:35.970] [FK1163546] POSICAO 60: 30 EVENTOS
[2026-08-13 11:09:36.016] [FK1163546] POSICAO 90: 30 EVENTOS
[2026-08-13 11:09:36.067] [FK1163546] POSICAO 120: 30 EVENTOS
[2026-08-13 11:09:36.130] [FK1163546] POSICAO 150: 30 EVENTOS
[2026-08-13 11:09:36.199] [FK1163546] POSICAO 180: 30 EVENTOS
[2026-08-13 11:09:36.263] [FK1163546] POSICAO 210: 30 EVENTOS
[2026-08-13 11:09:36.341] [FK1163546] POSICAO 240: 30 EVENTOS
[2026-08-13 11:09:36.419] [FK1163546] POSICAO 270: 30 EVENTOS
[2026-08-13 11:09:36.496] [FK1163546] POSICAO 300: 30 EVENTOS
[2026-08-13 11:09:36.561] [FK1163546] POSICAO 330: 30 EVENTOS
[2026-08-13 11:09:36.604] [FK1163546] POSICAO 360: 30 EVENTOS
[2026-08-13 11:09:36.711] [FK1163546] POSICAO 390: 30 EVENTOS
[2026-08-13 11:09:36.863] [FK1163546] POSICAO 420: 30 EVENTOS
[2026-08-13 11:09:36.922] [FK1163546] POSICAO 450: 30 EVENTOS
[2026-08-13 11:09:36.968] [FK1163546] POSICAO 480: 17 EVENTOS
[2026-08-13 11:09:36.971] ÚLTIMO SERIAL 583
[2026-08-13 11:09:36.972] 0 NOVOS EVENTOS
[2026-08-13 11:09:36.973] NENHUM EVENTO NOVO
[2026-08-13 11:11:01.056] ORACLE CONECTADO
[2026-08-13 11:11:01.059] [FK2665724] BUSCANDO EVENTOS
[2026-08-13 11:11:01.157] [FK2665724] TOTAL EVENTOS 792
[2026-08-13 11:11:01.231] [FK2665724] POSICAO 0: 30 EVENTOS
[2026-08-13 11:11:01.341] [FK2665724] POSICAO 30: 30 EVENTOS
[2026-08-13 11:11:01.407] [FK2665724] POSICAO 60: 30 EVENTOS
[2026-08-13 11:11:01.452] [FK2665724] POSICAO 90: 30 EVENTOS
[2026-08-13 11:11:01.497] [FK2665724] POSICAO 120: 30 EVENTOS
[2026-08-13 11:11:01.562] [FK2665724] POSICAO 150: 30 EVENTOS
[2026-08-13 11:11:01.620] [FK2665724] POSICAO 180: 30 EVENTOS
[2026-08-13 11:11:01.688] [FK2665724] POSICAO 210: 30 EVENTOS
[2026-08-13 11:11:01.754] [FK2665724] POSICAO 240: 30 EVENTOS
[2026-08-13 11:11:01.788] [FK2665724] POSICAO 270: 30 EVENTOS
[2026-08-13 11:11:01.837] [FK2665724] POSICAO 300: 30 EVENTOS
[2026-08-13 11:11:01.888] [FK2665724] POSICAO 330: 30 EVENTOS
[2026-08-13 11:11:02.259] [FK2665724] POSICAO 360: 30 EVENTOS
[2026-08-13 11:11:02.295] [FK2665724] POSICAO 390: 30 EVENTOS
[2026-08-13 11:11:02.338] [FK2665724] POSICAO 420: 30 EVENTOS
[2026-08-13 11:11:02.397] [FK2665724] POSICAO 450: 30 EVENTOS
[2026-08-13 11:11:02.467] [FK2665724] POSICAO 480: 30 EVENTOS
[2026-08-13 11:11:02.529] [FK2665724] POSICAO 510: 30 EVENTOS
[2026-08-13 11:11:02.592] [FK2665724] POSICAO 540: 30 EVENTOS
[2026-08-13 11:11:02.639] [FK2665724] POSICAO 570: 30 EVENTOS
[2026-08-13 11:11:02.691] [FK2665724] POSICAO 600: 30 EVENTOS
[2026-08-13 11:11:02.771] [FK2665724] POSICAO 630: 30 EVENTOS
[2026-08-13 11:11:02.846] [FK2665724] POSICAO 660: 30 EVENTOS
[2026-08-13 11:11:02.902] [FK2665724] POSICAO 690: 30 EVENTOS
[2026-08-13 11:11:02.959] [FK2665724] POSICAO 720: 30 EVENTOS
[2026-08-13 11:11:03.028] [FK2665724] POSICAO 750: 30 EVENTOS
[2026-08-13 11:11:03.048] [FK2665724] POSICAO 780: 12 EVENTOS
[2026-08-13 11:11:03.051] ÚLTIMO SERIAL 887
[2026-08-13 11:11:03.052] 0 NOVOS EVENTOS
[2026-08-13 11:11:03.053] NENHUM EVENTO NOVO
[2026-08-13 11:11:03.055] [FK1163546] BUSCANDO EVENTOS
[2026-08-13 11:11:03.087] [FK1163546] TOTAL EVENTOS 497
[2026-08-13 11:11:03.158] [FK1163546] POSICAO 0: 30 EVENTOS
[2026-08-13 11:11:03.229] [FK1163546] POSICAO 30: 30 EVENTOS
[2026-08-13 11:11:03.273] [FK1163546] POSICAO 60: 30 EVENTOS
[2026-08-13 11:11:03.362] [FK1163546] POSICAO 90: 30 EVENTOS
[2026-08-13 11:11:03.429] [FK1163546] POSICAO 120: 30 EVENTOS
[2026-08-13 11:11:03.512] [FK1163546] POSICAO 150: 30 EVENTOS
[2026-08-13 11:11:03.599] [FK1163546] POSICAO 180: 30 EVENTOS
[2026-08-13 11:11:03.688] [FK1163546] POSICAO 210: 30 EVENTOS
[2026-08-13 11:11:03.773] [FK1163546] POSICAO 240: 30 EVENTOS
[2026-08-13 11:11:03.809] [FK1163546] POSICAO 270: 30 EVENTOS
[2026-08-13 11:11:03.892] [FK1163546] POSICAO 300: 30 EVENTOS
[2026-08-13 11:11:03.953] [FK1163546] POSICAO 330: 30 EVENTOS
[2026-08-13 11:11:04.021] [FK1163546] POSICAO 360: 30 EVENTOS
[2026-08-13 11:11:04.137] [FK1163546] POSICAO 390: 30 EVENTOS
[2026-08-13 11:11:04.270] [FK1163546] POSICAO 420: 30 EVENTOS
[2026-08-13 11:11:04.352] [FK1163546] POSICAO 450: 30 EVENTOS
[2026-08-13 11:11:04.397] [FK1163546] POSICAO 480: 17 EVENTOS
[2026-08-13 11:11:04.399] ÚLTIMO SERIAL 583
[2026-08-13 11:11:04.400] 0 NOVOS EVENTOS
[2026-08-13 11:11:04.401] NENHUM EVENTO NOVO
[2026-08-13 11:12:29.098] ORACLE CONECTADO
[2026-08-13 11:12:29.100] [FK2665724] BUSCANDO EVENTOS
[2026-08-13 11:12:29.210] [FK2665724] TOTAL EVENTOS 792
[2026-08-13 11:12:29.293] [FK2665724] POSICAO 0: 30 EVENTOS
[2026-08-13 11:12:29.322] [FK2665724] POSICAO 30: 30 EVENTOS
[2026-08-13 11:12:29.373] [FK2665724] POSICAO 60: 30 EVENTOS
[2026-08-13 11:12:29.454] [FK2665724] POSICAO 90: 30 EVENTOS
[2026-08-13 11:12:29.479] [FK2665724] POSICAO 120: 30 EVENTOS
[2026-08-13 11:12:29.545] [FK2665724] POSICAO 150: 30 EVENTOS
[2026-08-13 11:12:29.921] [FK2665724] POSICAO 180: 30 EVENTOS
[2026-08-13 11:12:29.962] [FK2665724] POSICAO 210: 30 EVENTOS
[2026-08-13 11:12:30.019] [FK2665724] POSICAO 240: 30 EVENTOS
[2026-08-13 11:12:30.048] [FK2665724] POSICAO 270: 30 EVENTOS
[2026-08-13 11:12:30.429] [FK2665724] POSICAO 300: 30 EVENTOS
[2026-08-13 11:12:30.456] [FK2665724] POSICAO 330: 30 EVENTOS
[2026-08-13 11:12:30.499] [FK2665724] POSICAO 360: 30 EVENTOS
[2026-08-13 11:12:30.566] [FK2665724] POSICAO 390: 30 EVENTOS
[2026-08-13 11:12:30.636] [FK2665724] POSICAO 420: 30 EVENTOS
[2026-08-13 11:12:30.676] [FK2665724] POSICAO 450: 30 EVENTOS
[2026-08-13 11:12:30.709] [FK2665724] POSICAO 480: 30 EVENTOS
[2026-08-13 11:12:30.803] [FK2665724] POSICAO 510: 30 EVENTOS
[2026-08-13 11:12:30.889] [FK2665724] POSICAO 540: 30 EVENTOS
[2026-08-13 11:12:30.969] [FK2665724] POSICAO 570: 30 EVENTOS
[2026-08-13 11:12:31.078] [FK2665724] POSICAO 600: 30 EVENTOS
[2026-08-13 11:12:31.128] [FK2665724] POSICAO 630: 30 EVENTOS
[2026-08-13 11:12:31.186] [FK2665724] POSICAO 660: 30 EVENTOS
[2026-08-13 11:12:31.239] [FK2665724] POSICAO 690: 30 EVENTOS
[2026-08-13 11:12:31.274] [FK2665724] POSICAO 720: 30 EVENTOS
[2026-08-13 11:12:31.334] [FK2665724] POSICAO 750: 30 EVENTOS
[2026-08-13 11:12:31.707] [FK2665724] POSICAO 780: 12 EVENTOS
[2026-08-13 11:12:31.712] ÚLTIMO SERIAL 887
[2026-08-13 11:12:31.714] 0 NOVOS EVENTOS
[2026-08-13 11:12:31.716] NENHUM EVENTO NOVO
[2026-08-13 11:12:31.719] [FK1163546] BUSCANDO EVENTOS
[2026-08-13 11:12:31.755] [FK1163546] TOTAL EVENTOS 497
[2026-08-13 11:12:31.880] [FK1163546] POSICAO 0: 30 EVENTOS
[2026-08-13 11:12:31.945] [FK1163546] POSICAO 30: 30 EVENTOS
[2026-08-13 11:12:31.975] [FK1163546] POSICAO 60: 30 EVENTOS
[2026-08-13 11:12:32.036] [FK1163546] POSICAO 90: 30 EVENTOS
[2026-08-13 11:12:32.077] [FK1163546] POSICAO 120: 30 EVENTOS
[2026-08-13 11:12:32.117] [FK1163546] POSICAO 150: 30 EVENTOS
[2026-08-13 11:12:32.198] [FK1163546] POSICAO 180: 30 EVENTOS
[2026-08-13 11:12:32.251] [FK1163546] POSICAO 210: 30 EVENTOS
[2026-08-13 11:12:32.308] [FK1163546] POSICAO 240: 30 EVENTOS
[2026-08-13 11:12:32.379] [FK1163546] POSICAO 270: 30 EVENTOS
[2026-08-13 11:12:32.483] [FK1163546] POSICAO 300: 30 EVENTOS
[2026-08-13 11:12:32.539] [FK1163546] POSICAO 330: 30 EVENTOS
[2026-08-13 11:12:32.600] [FK1163546] POSICAO 360: 30 EVENTOS
[2026-08-13 11:12:32.662] [FK1163546] POSICAO 390: 30 EVENTOS
[2026-08-13 11:12:32.728] [FK1163546] POSICAO 420: 30 EVENTOS
[2026-08-13 11:12:32.799] [FK1163546] POSICAO 450: 30 EVENTOS
[2026-08-13 11:12:32.837] [FK1163546] POSICAO 480: 17 EVENTOS
[2026-08-13 11:12:32.839] ÚLTIMO SERIAL 583
[2026-08-13 11:12:32.840] 0 NOVOS EVENTOS
[2026-08-13 11:12:32.841] NENHUM EVENTO NOVO
[2026-08-13 11:13:57.390] ORACLE CONECTADO
[2026-08-13 11:13:57.392] [FK2665724] BUSCANDO EVENTOS
[2026-08-13 11:13:57.430] [FK2665724] TOTAL EVENTOS 795
[2026-08-13 11:13:57.492] [FK2665724] POSICAO 0: 30 EVENTOS
[2026-08-13 11:13:57.527] [FK2665724] POSICAO 30: 30 EVENTOS
[2026-08-13 11:13:57.578] [FK2665724] POSICAO 60: 30 EVENTOS
[2026-08-13 11:13:57.618] [FK2665724] POSICAO 90: 30 EVENTOS
[2026-08-13 11:13:57.662] [FK2665724] POSICAO 120: 30 EVENTOS
[2026-08-13 11:13:57.712] [FK2665724] POSICAO 150: 30 EVENTOS
[2026-08-13 11:13:57.763] [FK2665724] POSICAO 180: 30 EVENTOS
[2026-08-13 11:13:57.819] [FK2665724] POSICAO 210: 30 EVENTOS
[2026-08-13 11:13:57.881] [FK2665724] POSICAO 240: 30 EVENTOS
[2026-08-13 11:13:57.918] [FK2665724] POSICAO 270: 30 EVENTOS
[2026-08-13 11:13:57.964] [FK2665724] POSICAO 300: 30 EVENTOS
[2026-08-13 11:13:58.063] [FK2665724] POSICAO 330: 30 EVENTOS
[2026-08-13 11:13:58.135] [FK2665724] POSICAO 360: 30 EVENTOS
[2026-08-13 11:13:58.174] [FK2665724] POSICAO 390: 30 EVENTOS
[2026-08-13 11:13:58.231] [FK2665724] POSICAO 420: 30 EVENTOS
[2026-08-13 11:13:58.279] [FK2665724] POSICAO 450: 30 EVENTOS
[2026-08-13 11:13:58.350] [FK2665724] POSICAO 480: 30 EVENTOS
[2026-08-13 11:13:58.397] [FK2665724] POSICAO 510: 30 EVENTOS
[2026-08-13 11:13:58.470] [FK2665724] POSICAO 540: 30 EVENTOS
[2026-08-13 11:13:58.521] [FK2665724] POSICAO 570: 30 EVENTOS
[2026-08-13 11:13:58.552] [FK2665724] POSICAO 600: 30 EVENTOS
[2026-08-13 11:13:58.628] [FK2665724] POSICAO 630: 30 EVENTOS
[2026-08-13 11:13:58.712] [FK2665724] POSICAO 660: 30 EVENTOS
[2026-08-13 11:13:58.772] [FK2665724] POSICAO 690: 30 EVENTOS
[2026-08-13 11:13:58.862] [FK2665724] POSICAO 720: 30 EVENTOS
[2026-08-13 11:13:58.946] [FK2665724] POSICAO 750: 30 EVENTOS
[2026-08-13 11:13:58.966] [FK2665724] POSICAO 780: 15 EVENTOS
[2026-08-13 11:13:58.968] ÚLTIMO SERIAL 887
[2026-08-13 11:13:58.971] 3 NOVOS EVENTOS
[2026-08-13 11:13:58.972] PROCESSANDO SERIAL 974
[2026-08-13 11:13:58.973] MATRÍCULA: 573692
[2026-08-13 11:13:58.974] CRACHÁ: 1315117895
[2026-08-13 11:13:58.975] DATA: 2026-08-13T11:12:51-03:00
[2026-08-13 11:13:58.976] EVENTO VÁLIDO 573692
[2026-08-13 11:13:58.987] CODRLG 551
[2026-08-13 11:13:59.001] BENEFÍCIO ATUALIZADO 573692
[2026-08-13 11:13:59.057] CONSUMO INSERIDO 573692 BENEFICIO 19
[2026-08-13 11:13:59.063] SERIAL SALVO 974
[2026-08-13 11:13:59.064] PROCESSANDO SERIAL 975
[2026-08-13 11:13:59.065] EVENTO INVÁLIDO 21
[2026-08-13 11:13:59.069] SERIAL SALVO 975
[2026-08-13 11:13:59.070] PROCESSANDO SERIAL 976
[2026-08-13 11:13:59.071] EVENTO INVÁLIDO 22
[2026-08-13 11:13:59.075] SERIAL SALVO 976
[2026-08-13 11:13:59.077] [FK1163546] BUSCANDO EVENTOS
[2026-08-13 11:13:59.110] [FK1163546] TOTAL EVENTOS 500
[2026-08-13 11:13:59.149] [FK1163546] POSICAO 0: 30 EVENTOS
[2026-08-13 11:13:59.212] [FK1163546] POSICAO 30: 30 EVENTOS
[2026-08-13 11:13:59.252] [FK1163546] POSICAO 60: 30 EVENTOS
[2026-08-13 11:13:59.311] [FK1163546] POSICAO 90: 30 EVENTOS
[2026-08-13 11:13:59.355] [FK1163546] POSICAO 120: 30 EVENTOS
[2026-08-13 11:13:59.426] [FK1163546] POSICAO 150: 30 EVENTOS
[2026-08-13 11:13:59.476] [FK1163546] POSICAO 180: 30 EVENTOS
[2026-08-13 11:13:59.532] [FK1163546] POSICAO 210: 30 EVENTOS
[2026-08-13 11:13:59.572] [FK1163546] POSICAO 240: 30 EVENTOS
[2026-08-13 11:13:59.635] [FK1163546] POSICAO 270: 30 EVENTOS
[2026-08-13 11:13:59.675] [FK1163546] POSICAO 300: 30 EVENTOS
[2026-08-13 11:13:59.779] [FK1163546] POSICAO 330: 30 EVENTOS
[2026-08-13 11:13:59.836] [FK1163546] POSICAO 360: 30 EVENTOS
[2026-08-13 11:13:59.915] [FK1163546] POSICAO 390: 30 EVENTOS
[2026-08-13 11:13:59.955] [FK1163546] POSICAO 420: 30 EVENTOS
[2026-08-13 11:14:00.022] [FK1163546] POSICAO 450: 30 EVENTOS
[2026-08-13 11:14:00.073] [FK1163546] POSICAO 480: 20 EVENTOS
[2026-08-13 11:14:00.080] ÚLTIMO SERIAL 583
[2026-08-13 11:14:00.082] 3 NOVOS EVENTOS
[2026-08-13 11:14:00.084] PROCESSANDO SERIAL 672
[2026-08-13 11:14:00.085] EVENTO INVÁLIDO 21
[2026-08-13 11:14:00.087] SERIAL SALVO 672
[2026-08-13 11:14:00.088] PROCESSANDO SERIAL 673
[2026-08-13 11:14:00.089] MATRÍCULA: 573692
[2026-08-13 11:14:00.090] CRACHÁ: 1315117895
[2026-08-13 11:14:00.091] DATA: 2026-08-13T11:13:00-03:00
[2026-08-13 11:14:00.091] EVENTO VÁLIDO 573692
[2026-08-13 11:14:00.097] CODRLG 395
[2026-08-13 11:14:00.103] BENEFÍCIO ATUALIZADO 573692
[2026-08-13 11:14:00.121] CONSUMO INSERIDO 573692 BENEFICIO 19
[2026-08-13 11:14:00.126] SERIAL SALVO 673
[2026-08-13 11:14:00.127] PROCESSANDO SERIAL 674
[2026-08-13 11:14:00.128] EVENTO INVÁLIDO 22
[2026-08-13 11:14:00.133] SERIAL SALVO 674
